2025-08-06 18:05:43 [@07e9ca2b4a43]
Internal #1: Launch createinquest
2025-08-06 18:06:55 [@07e9ca2b4a43]
Internal #1: Launch watcher
2025-08-06 18:12:07 [5@07e9ca2b4a43]
Internal #1: Launch ticketrecurrent
2025-08-06 18:12:56 [@07e9ca2b4a43]
Internal #1: Launch planningrecall
2025-08-06 18:18:33 [2@07e9ca2b4a43]
Internal #1: Launch queuednotification
2025-08-06 18:35:25 [2@07e9ca2b4a43]
Internal #1: Launch queuednotificationclean
2025-08-06 18:45:46 [2@07e9ca2b4a43]
Internal #1: Launch temp
2025-08-06 18:45:58 [@07e9ca2b4a43]
Internal #1: Launch mailgateerror
2025-08-06 18:47:17 [@07e9ca2b4a43]
Internal #1: Launch contract
2025-08-06 18:56:30 [2@07e9ca2b4a43]
Internal #1: Launch infocom
2025-08-06 19:04:46 [2@07e9ca2b4a43]
Internal #1: Launch mailgate
2025-08-06 19:10:00 [2@07e9ca2b4a43]
Internal #1: Launch session
2025-08-06 19:15:13 [@07e9ca2b4a43]
Internal #1: Launch graph
2025-08-06 19:17:54 [2@07e9ca2b4a43]
Internal #1: Launch reservation
2025-08-06 19:27:31 [2@07e9ca2b4a43]
Internal #1: Launch closeticket
2025-08-06 19:30:08 [6@07e9ca2b4a43]
Internal #1: Launch alertnotclosed
2025-08-06 19:35:40 [2@07e9ca2b4a43]
Internal #1: Launch slaticket
2025-08-06 19:36:41 [6@07e9ca2b4a43]
Internal #1: Launch olaticket
2025-08-07 16:45:33 [2@07e9ca2b4a43]
Internal #1: Launch planningrecall
2025-08-07 16:50:28 [2@07e9ca2b4a43]
Internal #1: Launch queuednotification
2025-08-07 17:02:43 [2@07e9ca2b4a43]
Internal #1: Launch ticketrecurrent
2025-08-07 17:12:15 [2@07e9ca2b4a43]
Internal #1: Launch mailgate
2025-08-07 17:23:04 [2@07e9ca2b4a43]
Internal #1: Launch slaticket
2025-08-07 17:28:10 [2@07e9ca2b4a43]
Internal #1: Launch olaticket
2025-08-07 17:29:52 [6@07e9ca2b4a43]
Internal #1: Launch temp
2025-08-07 17:35:56 [2@07e9ca2b4a43]
Internal #1: Launch graph
2025-08-07 17:44:49 [2@07e9ca2b4a43]
Internal #1: Launch reservation
2025-08-07 18:01:19 [2@07e9ca2b4a43]
Internal #1: Launch closeticket
2025-08-07 21:34:38 [2@07e9ca2b4a43]
Internal #1: Launch alertnotclosed
2025-08-07 21:40:20 [@07e9ca2b4a43]
Internal #1: Launch planningrecall
2025-08-07 21:44:28 [2@07e9ca2b4a43]
Internal #1: Launch queuednotification
2025-08-07 21:52:52 [2@07e9ca2b4a43]
Internal #1: Launch mailgate
2025-08-08 17:23:55 [@07e9ca2b4a43]
Internal #1: Launch slaticket
2025-08-11 16:36:03 [2@07e9ca2b4a43]
Internal #1: Launch olaticket
2025-08-11 16:43:36 [2@07b68abdc333]
Internal #1: Launch ticketrecurrent
2025-08-11 17:00:22 [2@dc8fdb91ec73]
Internal #1: Launch createinquest
2025-08-11 19:25:12 [@b81f702c9b93]
Internal #1: Launch createinquest
2025-08-11 19:45:15 [@29ae6ce1eceb]
Internal #1: Launch createinquest
2025-08-11 19:52:37 [2@29ae6ce1eceb]
Internal #1: Launch watcher
2025-08-11 19:56:23 [@84fd2a49fda9]
Internal #1: Launch createinquest
2025-08-11 20:12:29 [@2cc48c02be05]
Internal #1: Launch createinquest
2025-08-11 20:49:12 [@cf3c5dbd24e5]
Internal #1: Launch createinquest
2025-08-11 21:04:41 [@008b6a6007e0]
Internal #1: Launch createinquest
2025-08-12 16:45:32 [2@008b6a6007e0]
Internal #1: Launch watcher
2025-08-12 16:51:26 [2@008b6a6007e0]
Internal #1: Launch ticketrecurrent
2025-08-12 17:05:37 [2@008b6a6007e0]
Internal #1: Launch planningrecall
2025-08-12 17:09:39 [@008b6a6007e0]
Internal #1: Launch queuednotification
2025-08-12 17:15:16 [2@008b6a6007e0]
Internal #1: Launch queuednotificationclean
2025-08-12 17:37:59 [2@008b6a6007e0]
Internal #1: Launch temp
2025-08-12 17:44:09 [2@008b6a6007e0]
Internal #1: Launch checkdbreplicate
2025-08-12 17:49:31 [2@008b6a6007e0]
Internal #1: Launch mailgateerror
2025-08-12 17:55:54 [2@008b6a6007e0]
Internal #1: Launch contract
2025-08-12 18:00:55 [2@008b6a6007e0]
Internal #1: Launch infocom
2025-08-12 18:03:21 [2@008b6a6007e0]
Internal #1: Launch mailgate
2025-08-12 18:16:30 [2@008b6a6007e0]
Internal #1: Launch session
2025-08-12 18:38:27 [2@008b6a6007e0]
Internal #1: Launch graph
2025-08-12 18:45:00 [2@008b6a6007e0]
Internal #1: Launch reservation
2025-08-12 18:52:54 [2@008b6a6007e0]
Internal #1: Launch closeticket
2025-08-25 16:25:26 [@008b6a6007e0]
Internal #1: Launch alertnotclosed
